// Jest Snapshot v1, https://goo.gl/fbAQLP

exports[`formSubmit should execute resolve it failAction was received 1`] = `
Object {
  "@@redux-saga/IO": true,
  "PUT": Object {
    "action": Object {
      "payload": Object {
        "foo": "bar",
      },
      "type": "TEST_REQUEST",
    },
    "channel": null,
  },
}
`;

exports[`formSubmit should execute resolve it successAction was received 1`] = `
Object {
  "@@redux-saga/IO": true,
  "PUT": Object {
    "action": Object {
      "payload": Object {
        "foo": "bar",
      },
      "type": "TEST_REQUEST",
    },
    "channel": null,
  },
}
`;
